======================================================================
FoldTrust Benchmark: Layers 1-3
======================================================================

Layer 1: Core validation tests
----------------------------------------------------------------------
  ✓ Layer 1 complete. Results in benchmarks/outputs/layer1

Layer 2: Accuracy benchmark (ArchiveII, bpRNA TS0, Rfam)
----------------------------------------------------------------------
Running benchmark with max_length=500
  Sampling 200 structures per dataset

Loading ArchiveII...
  Loaded 200 structures

Loading bpRNA TS0...
  Loaded 200 structures

Loading Rfam seed...
  Loaded 200 structures
  Saved sample IDs to benchmarks/outputs/layer2/sample_ids.csv

Total structures: 600

Evaluating ViennaRNA predictions...
(This may take several minutes)
  Processed 50/600...
  Processed 100/600...
  Processed 150/600...
  Processed 200/600...
  Processed 250/600...
  Processed 300/600...
  Processed 350/600...
  Processed 400/600...
  Processed 450/600...
  Processed 500/600...
  Processed 550/600...
  Processed 600/600...

Raw results saved to benchmarks/outputs/layer2/layer2_raw_results.csv

Computing summary statistics...

Summary statistics saved to benchmarks/outputs/layer2
  ✓ Layer 2 complete. 600 structures. Results in benchmarks/outputs/layer2

Layer 3: Calibration analysis
----------------------------------------------------------------------
Running calibration with max_length=500

Loading datasets...
  Loading sample IDs from Layer 2...
  Loaded 200 ArchiveII, 200 bpRNA, 200 Rfam (matching Layer 2)
Total structures: 600

Collecting candidate pairs (p > 0.001)...
  Processed 50/600...
  Processed 100/600...
  Processed 150/600...
  Processed 200/600...
  Processed 250/600...
  Processed 300/600...
  Processed 350/600...
  Processed 400/600...
  Processed 450/600...
  Processed 500/600...
  Processed 550/600...
  Processed 600/600...
  Total candidate pairs: 185653
  Positive pairs: 21191 (11.41%)

Computing calibration metrics...
  ECE: 0.0664
  AUROC: 0.8889
  AUPRC: 0.6153

Analyzing tier performance...
  Processed 50/600...
  Processed 100/600...
  Processed 150/600...
  Processed 200/600...
  Processed 250/600...
  Processed 300/600...
  Processed 350/600...
  Processed 400/600...
  Processed 450/600...
  Processed 500/600...
  Processed 550/600...
  Processed 600/600...

Computing MFE tier summaries...

Computing MEA tier summaries...

Computing all-candidate tier summaries...

Computing stem-level tier summaries...

MFE-pair tier summary (pooled PPV):
  FIRM   : Pooled PPV = 0.674, Macro PPV = 0.679 [0.654, 0.704], N = 582, Pairs = 16417
  SOFT   : Pooled PPV = 0.299, Macro PPV = 0.344 [0.318, 0.369], N = 585, Pairs = 8518
  FLOPPY : Pooled PPV = 0.146, Macro PPV = 0.190 [0.162, 0.217], N = 466, Pairs = 5504

MEA-pair tier summary (pooled PPV):
  FIRM   : Pooled PPV = 0.674, Macro PPV = 0.679, N = 583, Pairs = 16475
  SOFT   : Pooled PPV = 0.317, Macro PPV = 0.347, N = 590, Pairs = 9812
  FLOPPY : Pooled PPV = 0.169, Macro PPV = 0.179, N = 401, Pairs = 2830

All-candidate tier summary:
  FIRM   : Pooled PPV = 0.674, N pairs = 16475
  SOFT   : Pooled PPV = 0.318, N pairs = 9861
  FLOPPY : Pooled PPV = 0.044, N pairs = 159317

Stem-level tier summary:
  FIRM   : Pair PPV = 0.667, Pairs = 16720, Stems = 2983, Frac correct = 0.677
  SOFT   : Pair PPV = 0.299, Pairs = 8305, Stems = 2006, Frac correct = 0.300
  FLOPPY : Pair PPV = 0.147, Pairs = 5081, Stems = 1372, Frac correct = 0.141
  LONELY : Pair PPV = 0.093, Pairs = 333, Stems = 0, Frac correct = 0.000

Results saved to benchmarks/outputs/layer3
  ✓ Layer 3 complete. ECE=0.0664. Results in benchmarks/outputs/layer3

======================================================================
All layers complete!
======================================================================
