======================================================================
FoldTrust Benchmark: Layers 1-3
======================================================================

Layer 1: Core validation tests
----------------------------------------------------------------------
  ✓ Layer 1 complete. Results in benchmarks/outputs/layer1

Layer 2: Accuracy benchmark (ArchiveII, bpRNA TS0, Rfam)
----------------------------------------------------------------------
Running benchmark with max_length=500
  Sampling 200 structures per dataset

Loading ArchiveII...
  Loaded 200 structures

Loading bpRNA TS0...
  Loaded 200 structures

Loading Rfam seed...
  Loaded 200 structures
  Saved sample IDs to benchmarks/outputs/layer2/sample_ids.csv

Total structures: 600

Evaluating ViennaRNA predictions...
(This may take several minutes)
  Processed 50/600...
  Processed 100/600...
  Processed 150/600...
  Processed 200/600...
  Processed 250/600...
  Processed 300/600...
  Processed 350/600...
  Processed 400/600...
  Processed 450/600...
  Processed 500/600...
  Processed 550/600...
  Processed 600/600...

Raw results saved to benchmarks/outputs/layer2/layer2_raw_results.csv

Computing summary statistics...

Summary statistics saved to benchmarks/outputs/layer2
  ✓ Layer 2 complete. 600 structures. Results in benchmarks/outputs/layer2

Layer 3: Calibration analysis
----------------------------------------------------------------------
Running calibration with max_length=500

Loading datasets...
  Loading sample IDs from Layer 2...
  Loaded 314 ArchiveII, 200 bpRNA, 205 Rfam (matching Layer 2)
Total structures: 719

Collecting candidate pairs (p > 0.001)...
  Processed 50/719...
  Processed 100/719...
  Processed 150/719...
  Processed 200/719...
  Processed 250/719...
  Processed 300/719...
  Processed 350/719...
  Processed 400/719...
  Processed 450/719...
  Processed 500/719...
  Processed 550/719...
  Processed 600/719...
  Processed 650/719...
  Processed 700/719...
  Total candidate pairs: 217417
  Positive pairs: 25392 (11.68%)

Computing calibration metrics...
  ECE: 0.0656
  AUROC: 0.8891
  AUPRC: 0.6232

Analyzing tier performance...
  Warning: Failed on 16s_E.coli_domain2: fold_compound.MEA() got an unexpected keyword argument 'gamma'
  Warning: Failed on 16s_P.occultum_domain2: fold_compound.MEA() got an unexpected keyword argument 'gamma'
  Warning: Failed on 5s_Acremonium-persicinum-2: fold_compound.MEA() got an unexpected keyword argument 'gamma'
  Warning: Failed on 5s_Aeromonas-hydrophila-1: fold_compound.MEA() got an unexpected keyword argument 'gamma'
  Warning: Failed on 5s_Akkesiphycus-lubricum-1: fold_compound.MEA() got an unexpected keyword argument 'gamma'
  Warning: Failed on 5s_Amycolatopsis-lactamdurans-1: fold_compound.MEA() got an unexpected keyword argument 'gamma'
  Warning: Failed on 5s_Amycolatopsis-mediterranei-1: fold_compound.MEA() got an unexpected keyword argument 'gamma'
  Warning: Failed on 5s_Auricularia-auricula-judae-1: fold_compound.MEA() got an unexpected keyword argument 'gamma'
  Warning: Failed on 5s_Bacillus-anthracis-5: fold_compound.MEA() got an unexpected keyword argument 'gamma'
  Warning: Failed on 5s_Bacillus-cereus-1: fold_compound.MEA() got an unexpected keyword argument 'gamma'
  Warning: Failed on 5s_Bacillus-cereus-6: fold_compound.MEA() got an unexpected keyword argument 'gamma'
  Warning: Failed on 5s_Bacillus-thuringiensis-2: fold_compound.MEA() got an unexpected keyword argument 'gamma'
  Warning: Failed on 5s_Bombyx-mori-1: fold_compound.MEA() got an unexpected keyword argument 'gamma'
  Warning: Failed on 5s_Bos-taurus-1: fold_compound.MEA() got an unexpected keyword argument 'gamma'
  Warning: Failed on 5s_Branchiostoma-belcheri-1: fold_compound.MEA() got an unexpected keyword argument 'gamma'
  Warning: Failed on 5s_Brucella-abortus-1: fold_compound.MEA() got an unexpected keyword argument 'gamma'
  Warning: Failed on 5s_Brucella-melitensis-3: fold_compound.MEA() got an unexpected keyword argument 'gamma'
  Warning: Failed on 5s_Brucella-suis-2: fold_compound.MEA() got an unexpected keyword argument 'gamma'
  Warning: Failed on 5s_Burkholderia-caryophylli-1: fold_compound.MEA() got an unexpected keyword argument 'gamma'
  Warning: Failed on 5s_Candidatus-Pelagibacter-ubique-1: fold_compound.MEA() got an unexpected keyword argument 'gamma'
  Warning: Failed on 5s_Candidatus-Tremblaya-princeps-2: fold_compound.MEA() got an unexpected keyword argument 'gamma'
  Warning: Failed on 5s_Chlamydophila-pneumoniae-1: fold_compound.MEA() got an unexpected keyword argument 'gamma'
  Warning: Failed on 5s_Clostridium-acetobutylicum-2: fold_compound.MEA() got an unexpected keyword argument 'gamma'
  Warning: Failed on 5s_Clostridium-innocuum-1: fold_compound.MEA() got an unexpected keyword argument 'gamma'
  Warning: Failed on 5s_Colacogloea-peniophorae-1: fold_compound.MEA() got an unexpected keyword argument 'gamma'
  Warning: Failed on 5s_Corynebacterium-diphtheriae-2: fold_compound.MEA() got an unexpected keyword argument 'gamma'
  Warning: Failed on 5s_Cryptococcus-humicola-1: fold_compound.MEA() got an unexpected keyword argument 'gamma'
  Warning: Failed on 5s_Cryptosporidium-parvum-1: fold_compound.MEA() got an unexpected keyword argument 'gamma'
  Warning: Failed on 5s_Cryptosporidium-parvum-2: fold_compound.MEA() got an unexpected keyword argument 'gamma'
  Warning: Failed on 5s_Drosophila-erecta-1: fold_compound.MEA() got an unexpected keyword argument 'gamma'
  Warning: Failed on 5s_Drosophila-mauritiana-1: fold_compound.MEA() got an unexpected keyword argument 'gamma'
  Warning: Failed on 5s_Drosophila-melanogaster-1: fold_compound.MEA() got an unexpected keyword argument 'gamma'
  Warning: Failed on 5s_Drosophila-sechellia-1: fold_compound.MEA() got an unexpected keyword argument 'gamma'
  Warning: Failed on 5s_Drosophila-simulans-1: fold_compound.MEA() got an unexpected keyword argument 'gamma'
  Warning: Failed on 5s_Drosophila-teissieri-1: fold_compound.MEA() got an unexpected keyword argument 'gamma'
  Warning: Failed on 5s_Drosophila-yakuba-1: fold_compound.MEA() got an unexpected keyword argument 'gamma'
  Warning: Failed on 5s_Emericella-nidulans-1: fold_compound.MEA() got an unexpected keyword argument 'gamma'
  Warning: Failed on 5s_Euglena-gracilis-2: fold_compound.MEA() got an unexpected keyword argument 'gamma'
  Warning: Failed on 5s_Fusarium-asiaticum-5: fold_compound.MEA() got an unexpected keyword argument 'gamma'
  Warning: Failed on 5s_Fusarium-asiaticum-7: fold_compound.MEA() got an unexpected keyword argument 'gamma'
  Warning: Failed on 5s_Fusarium-cerealis-6: fold_compound.MEA() got an unexpected keyword argument 'gamma'
  Warning: Failed on 5s_Fusarium-cerealis-8: fold_compound.MEA() got an unexpected keyword argument 'gamma'
  Warning: Failed on 5s_Fusarium-culmorum-7: fold_compound.MEA() got an unexpected keyword argument 'gamma'
  Warning: Failed on 5s_Fusarium-culmorum-8: fold_compound.MEA() got an unexpected keyword argument 'gamma'
  Warning: Failed on 5s_Fusarium-lunulosporum-3: fold_compound.MEA() got an unexpected keyword argument 'gamma'
  Warning: Failed on 5s_Fusarium-lunulosporum-8: fold_compound.MEA() got an unexpected keyword argument 'gamma'
  Warning: Failed on 5s_Fusarium-lunulosporum-9: fold_compound.MEA() got an unexpected keyword argument 'gamma'
  Warning: Failed on 5s_Fusarium-pseudograminearum-6: fold_compound.MEA() got an unexpected keyword argument 'gamma'
  Warning: Failed on 5s_Fusarium-pseudograminearum-8: fold_compound.MEA() got an unexpected keyword argument 'gamma'
  Processed 50/719...
  Warning: Failed on 5s_Fusarium-sporotrichioides-5: fold_compound.MEA() got an unexpected keyword argument 'gamma'
  Warning: Failed on 5s_Haemophilus-aegyptius-1: fold_compound.MEA() got an unexpected keyword argument 'gamma'
  Warning: Failed on 5s_Halobacterium-salinarum-1: fold_compound.MEA() got an unexpected keyword argument 'gamma'
  Warning: Failed on 5s_Halorubrum-distributum-5: fold_compound.MEA() got an unexpected keyword argument 'gamma'
  Warning: Failed on 5s_Halorubrum-distributum-7: fold_compound.MEA() got an unexpected keyword argument 'gamma'
  Warning: Failed on 5s_Halorubrum-terrestre-1: fold_compound.MEA() got an unexpected keyword argument 'gamma'
  Warning: Failed on 5s_Helix-pomatia-1: fold_compound.MEA() got an unexpected keyword argument 'gamma'
  Warning: Failed on 5s_Herpetosiphon-aurantiacus-1: fold_compound.MEA() got an unexpected keyword argument 'gamma'
  Warning: Failed on 5s_Homo-sapiens-1: fold_compound.MEA() got an unexpected keyword argument 'gamma'
  Warning: Failed on 5s_Lactobacillus-acidophilus-1: fold_compound.MEA() got an unexpected keyword argument 'gamma'
  Warning: Failed on 5s_Methanospirillum-hungatei-1: fold_compound.MEA() got an unexpected keyword argument 'gamma'
  Warning: Failed on 5s_Moniliella-acetoabutans-1: fold_compound.MEA() got an unexpected keyword argument 'gamma'
  Warning: Failed on 5s_Mus-musculus-1: fold_compound.MEA() got an unexpected keyword argument 'gamma'
  Warning: Failed on 5s_Nadsonia-fulvescens-1: fold_compound.MEA() got an unexpected keyword argument 'gamma'
  Warning: Failed on 5s_Natronomonas-pharaonis-1: fold_compound.MEA() got an unexpected keyword argument 'gamma'
  Warning: Failed on 5s_Neurospora-africana-1: fold_compound.MEA() got an unexpected keyword argument 'gamma'
  Warning: Failed on 5s_Neurospora-crassa-9: fold_compound.MEA() got an unexpected keyword argument 'gamma'
  Warning: Failed on 5s_Oceanobacillus-iheyensis-3: fold_compound.MEA() got an unexpected keyword argument 'gamma'
  Warning: Failed on 5s_Oenococcus-oeni-1: fold_compound.MEA() got an unexpected keyword argument 'gamma'
  Warning: Failed on 5s_Oerskovia-turbata-1: fold_compound.MEA() got an unexpected keyword argument 'gamma'
  Warning: Failed on 5s_Oryctolagus-cuniculus-1: fold_compound.MEA() got an unexpected keyword argument 'gamma'
  Warning: Failed on 5s_Paracoccus-versutus-1: fold_compound.MEA() got an unexpected keyword argument 'gamma'
  Warning: Failed on 5s_Photobacterium-angustum-1: fold_compound.MEA() got an unexpected keyword argument 'gamma'
  Warning: Failed on 5s_Photobacterium-leiognathi-1: fold_compound.MEA() got an unexpected keyword argument 'gamma'
  Warning: Failed on 5s_Photobacterium-profundum-2: fold_compound.MEA() got an unexpected keyword argument 'gamma'
  Warning: Failed on 5s_Pinus-silvestris-1: fold_compound.MEA() got an unexpected keyword argument 'gamma'
  Warning: Failed on 5s_Pirellula-sp.-1: fold_compound.MEA() got an unexpected keyword argument 'gamma'
  Warning: Failed on 5s_Pseudonocardia-halophobica-1: fold_compound.MEA() got an unexpected keyword argument 'gamma'
  Warning: Failed on 5s_Pseudonocardia-hydrocarbonoxydans-1: fold_compound.MEA() got an unexpected keyword argument 'gamma'
  Warning: Failed on 5s_Pyrococcus-abyssi-1: fold_compound.MEA() got an unexpected keyword argument 'gamma'
  Warning: Failed on 5s_Rattus-norvegicus-1: fold_compound.MEA() got an unexpected keyword argument 'gamma'
  Warning: Failed on 5s_Rhcoc_fas1B: fold_compound.MEA() got an unexpected keyword argument 'gamma'
  Warning: Failed on 5s_Saccoglossus-kowalevskii-1: fold_compound.MEA() got an unexpected keyword argument 'gamma'
  Warning: Failed on 5s_Salmonella-enterica-8: fold_compound.MEA() got an unexpected keyword argument 'gamma'
  Warning: Failed on 5s_Salmonella-typhi-1: fold_compound.MEA() got an unexpected keyword argument 'gamma'
  Warning: Failed on 5s_Sandaracinobacter-sibiricus-1: fold_compound.MEA() got an unexpected keyword argument 'gamma'
  Warning: Failed on 5s_Saprolegnia-ferax-1: fold_compound.MEA() got an unexpected keyword argument 'gamma'
  Warning: Failed on 5s_Scenedesmus-obliquus-1: fold_compound.MEA() got an unexpected keyword argument 'gamma'
  Warning: Failed on 5s_Scytosiphon-lomentaria-1: fold_compound.MEA() got an unexpected keyword argument 'gamma'
  Warning: Failed on 5s_Secale-cereale-2: fold_compound.MEA() got an unexpected keyword argument 'gamma'
  Warning: Failed on 5s_Spirocodon-saltatrix-1: fold_compound.MEA() got an unexpected keyword argument 'gamma'
  Warning: Failed on 5s_Staphylococcus-aureus-3: fold_compound.MEA() got an unexpected keyword argument 'gamma'
  Warning: Failed on 5s_Staphylococcus-epidermidis-1: fold_compound.MEA() got an unexpected keyword argument 'gamma'
  Warning: Failed on 5s_Streptomyces-purpureus-1: fold_compound.MEA() got an unexpected keyword argument 'gamma'
  Warning: Failed on 5s_Symbiobacterium-thermophilum-1: fold_compound.MEA() got an unexpected keyword argument 'gamma'
  Warning: Failed on 5s_Symbiobacterium-thermophilum-4: fold_compound.MEA() got an unexpected keyword argument 'gamma'
  Warning: Failed on 5s_Taphrina-deformans-1: fold_compound.MEA() got an unexpected keyword argument 'gamma'
  Warning: Failed on 5s_Triticum-aestivum-1: fold_compound.MEA() got an unexpected keyword argument 'gamma'
  Warning: Failed on 5s_Vibrio-cincinnatiensis-1: fold_compound.MEA() got an unexpected keyword argument 'gamma'
  Warning: Failed on 5s_Vibrio-fischeri-2: fold_compound.MEA() got an unexpected keyword argument 'gamma'
  Processed 100/719...
  Warning: Failed on 5s_Wolbachia-pipientis-1: fold_compound.MEA() got an unexpected keyword argument 'gamma'
  Warning: Failed on RNaseP_A.truei: fold_compound.MEA() got an unexpected keyword argument 'gamma'
  Warning: Failed on RNaseP_B.pertussis: fold_compound.MEA() got an unexpected keyword argument 'gamma'
  Warning: Failed on RNaseP_C.limicola: fold_compound.MEA() got an unexpected keyword argument 'gamma'
  Warning: Failed on RNaseP_DU1: fold_compound.MEA() got an unexpected keyword argument 'gamma'
  Warning: Failed on RNaseP_EM14b-11: fold_compound.MEA() got an unexpected keyword argument 'gamma'
  Warning: Failed on RNaseP_ESH210B: fold_compound.MEA() got an unexpected keyword argument 'gamma'
  Warning: Failed on RNaseP_ESH212C: fold_compound.MEA() got an unexpected keyword argument 'gamma'
  Warning: Failed on RNaseP_G.gorilla: fold_compound.MEA() got an unexpected keyword argument 'gamma'
  Warning: Failed on RNaseP_L.borgpetersenii: fold_compound.MEA() got an unexpected keyword argument 'gamma'
  Warning: Failed on RNaseP_M.hyopneumoniae: fold_compound.MEA() got an unexpected keyword argument 'gamma'
  Warning: Failed on RNaseP_M.maripaludus: fold_compound.MEA() got an unexpected keyword argument 'gamma'
  Warning: Failed on RNaseP_M.phosphovorus-JCM9380: fold_compound.MEA() got an unexpected keyword argument 'gamma'
  Warning: Failed on RNaseP_M.thermolithotrophicus: fold_compound.MEA() got an unexpected keyword argument 'gamma'
  Warning: Failed on RNaseP_N.jensenii: fold_compound.MEA() got an unexpected keyword argument 'gamma'
  Warning: Failed on RNaseP_P.strasburgensis: fold_compound.MEA() got an unexpected keyword argument 'gamma'
  Warning: Failed on RNaseP_PS4: fold_compound.MEA() got an unexpected keyword argument 'gamma'
  Warning: Failed on RNaseP_Prochlorococcus-TAK9803-2: fold_compound.MEA() got an unexpected keyword argument 'gamma'
  Warning: Failed on RNaseP_SM-A03: fold_compound.MEA() got an unexpected keyword argument 'gamma'
  Warning: Failed on RNaseP_SM-A1417: fold_compound.MEA() got an unexpected keyword argument 'gamma'
  Warning: Failed on RNaseP_SM-A1519: fold_compound.MEA() got an unexpected keyword argument 'gamma'
  Warning: Failed on RNaseP_SM-A1726: fold_compound.MEA() got an unexpected keyword argument 'gamma'
  Warning: Failed on RNaseP_SM-A5584: fold_compound.MEA() got an unexpected keyword argument 'gamma'
  Warning: Failed on RNaseP_T.delbrueckii: fold_compound.MEA() got an unexpected keyword argument 'gamma'
  Warning: Failed on grp1_a.I1.e.C.saxonicum.C1.SSU.1506: fold_compound.MEA() got an unexpected keyword argument 'gamma'
  Warning: Failed on grp1_a.I1.e.P.carinii.Pc3.C1.LSU.1921: fold_compound.MEA() got an unexpected keyword argument 'gamma'
  Warning: Failed on grp1_a.I1.m.M.grisea.B2.ND1: fold_compound.MEA() got an unexpected keyword argument 'gamma'
  Warning: Failed on grp1_a.I1.m.S.pombe.B1.OX1: fold_compound.MEA() got an unexpected keyword argument 'gamma'
  Warning: Failed on srp_Agro.tume._AE007951: fold_compound.MEA() got an unexpected keyword argument 'gamma'
  Warning: Failed on srp_Arch.fulg._AE000782: fold_compound.MEA() got an unexpected keyword argument 'gamma'
  Warning: Failed on srp_Arch.fulg._X17237: fold_compound.MEA() got an unexpected keyword argument 'gamma'
  Warning: Failed on srp_Burk.mall._CP000010: fold_compound.MEA() got an unexpected keyword argument 'gamma'
  Warning: Failed on srp_Burk.mall._CP000546: fold_compound.MEA() got an unexpected keyword argument 'gamma'
  Warning: Failed on srp_Burk.pseu._CP000124: fold_compound.MEA() got an unexpected keyword argument 'gamma'
  Warning: Failed on srp_Burk.pseu._CP000572: fold_compound.MEA() got an unexpected keyword argument 'gamma'
  Warning: Failed on srp_Caul.cres._AE005673: fold_compound.MEA() got an unexpected keyword argument 'gamma'
  Warning: Failed on srp_Caul.cres._U22036: fold_compound.MEA() got an unexpected keyword argument 'gamma'
  Warning: Failed on srp_Cion.inte._BW223536: fold_compound.MEA() got an unexpected keyword argument 'gamma'
  Warning: Failed on srp_Clos.perf._BA000016: fold_compound.MEA() got an unexpected keyword argument 'gamma'
  Warning: Failed on srp_Clos.perf._CP000246: fold_compound.MEA() got an unexpected keyword argument 'gamma'
  Warning: Failed on srp_Clos.perf._CP000312: fold_compound.MEA() got an unexpected keyword argument 'gamma'
  Warning: Failed on srp_Clos.perf._D49784: fold_compound.MEA() got an unexpected keyword argument 'gamma'
  Warning: Failed on srp_Esch.coli._AE014075: fold_compound.MEA() got an unexpected keyword argument 'gamma'
  Warning: Failed on srp_Esch.coli._AP009048: fold_compound.MEA() got an unexpected keyword argument 'gamma'
  Warning: Failed on srp_Esch.coli._CP000243: fold_compound.MEA() got an unexpected keyword argument 'gamma'
  Warning: Failed on srp_Esch.coli._CP000468: fold_compound.MEA() got an unexpected keyword argument 'gamma'
  Warning: Failed on srp_Fran.spec._CP000249: fold_compound.MEA() got an unexpected keyword argument 'gamma'
  Warning: Failed on srp_Fuso.nucl._AE009951: fold_compound.MEA() got an unexpected keyword argument 'gamma'
  Warning: Failed on srp_Gibb.moni._GSP-334819: fold_compound.MEA() got an unexpected keyword argument 'gamma'
  Warning: Failed on srp_Gluc.oxyd._CP000009: fold_compound.MEA() got an unexpected keyword argument 'gamma'
  Processed 150/719...
  Warning: Failed on srp_Haem.infl._CP000057: fold_compound.MEA() got an unexpected keyword argument 'gamma'
  Warning: Failed on srp_Homo.sapi._AB061847: fold_compound.MEA() got an unexpected keyword argument 'gamma'
  Warning: Failed on srp_Homo.sapi._AL139099: fold_compound.MEA() got an unexpected keyword argument 'gamma'
  Warning: Failed on srp_Homo.sapi._BU566619: fold_compound.MEA() got an unexpected keyword argument 'gamma'
  Warning: Failed on srp_Hypo.jeco._GSP-334564-2: fold_compound.MEA() got an unexpected keyword argument 'gamma'
  Warning: Failed on srp_Kluy.walt._AADM01000319: fold_compound.MEA() got an unexpected keyword argument 'gamma'
  Warning: Failed on srp_Lact.plan._AL935253: fold_compound.MEA() got an unexpected keyword argument 'gamma'
  Warning: Failed on srp_Leif.xyli._AE016822: fold_compound.MEA() got an unexpected keyword argument 'gamma'
  Warning: Failed on srp_Leis.braz._AM494942: fold_compound.MEA() got an unexpected keyword argument 'gamma'
  Warning: Failed on srp_Leis.braz._SDB-87235: fold_compound.MEA() got an unexpected keyword argument 'gamma'
  Warning: Failed on srp_Leis.dono._AY722733: fold_compound.MEA() got an unexpected keyword argument 'gamma'
  Warning: Failed on srp_Leis.dono._AY722734: fold_compound.MEA() got an unexpected keyword argument 'gamma'
  Warning: Failed on srp_Leis.dono._AY722735: fold_compound.MEA() got an unexpected keyword argument 'gamma'
  Warning: Failed on srp_Leis.dono._AY781793: fold_compound.MEA() got an unexpected keyword argument 'gamma'
  Warning: Failed on srp_Leis.dono._AY781794: fold_compound.MEA() got an unexpected keyword argument 'gamma'
  Warning: Failed on srp_Leis.dono._AY781795: fold_compound.MEA() got an unexpected keyword argument 'gamma'
  Warning: Failed on srp_Leis.infa._AY781792: fold_compound.MEA() got an unexpected keyword argument 'gamma'
  Warning: Failed on srp_List.mono._U15684: fold_compound.MEA() got an unexpected keyword argument 'gamma'
  Warning: Failed on srp_Meso.flor._AE017263: fold_compound.MEA() got an unexpected keyword argument 'gamma'
  Warning: Failed on srp_Meth.acet._AE010299: fold_compound.MEA() got an unexpected keyword argument 'gamma'
  Warning: Failed on srp_Micr.lyso._M31831: fold_compound.MEA() got an unexpected keyword argument 'gamma'
  Warning: Failed on srp_Myco.aviu._AE016958: fold_compound.MEA() got an unexpected keyword argument 'gamma'
  Warning: Failed on srp_Myco.capr._CP000123: fold_compound.MEA() got an unexpected keyword argument 'gamma'
  Warning: Failed on srp_Myco.pneu._S76009: fold_compound.MEA() got an unexpected keyword argument 'gamma'
  Warning: Failed on srp_Myco.spec._CP000384: fold_compound.MEA() got an unexpected keyword argument 'gamma'
  Warning: Failed on srp_Myco.syno._AE017245: fold_compound.MEA() got an unexpected keyword argument 'gamma'
  Warning: Failed on srp_Nitr.hamb._CP000319: fold_compound.MEA() got an unexpected keyword argument 'gamma'
  Warning: Failed on srp_Nitr.wino._CP000115: fold_compound.MEA() got an unexpected keyword argument 'gamma'
  Warning: Failed on srp_Para.bras._CN238860: fold_compound.MEA() got an unexpected keyword argument 'gamma'
  Warning: Failed on srp_Para.bras._CN239248: fold_compound.MEA() got an unexpected keyword argument 'gamma'
  Warning: Failed on srp_Para.bras._CN240152: fold_compound.MEA() got an unexpected keyword argument 'gamma'
  Warning: Failed on srp_Para.bras._CN240538: fold_compound.MEA() got an unexpected keyword argument 'gamma'
  Warning: Failed on srp_Para.bras._CN241909: fold_compound.MEA() got an unexpected keyword argument 'gamma'
  Warning: Failed on srp_Para.bras._EH652573: fold_compound.MEA() got an unexpected keyword argument 'gamma'
  Warning: Failed on srp_Pedi.pent._CP000422: fold_compound.MEA() got an unexpected keyword argument 'gamma'
  Warning: Failed on srp_Plas.know._GSP-5851: fold_compound.MEA() got an unexpected keyword argument 'gamma'
  Warning: Failed on srp_Pseu.puti._AE015451: fold_compound.MEA() got an unexpected keyword argument 'gamma'
  Warning: Failed on srp_Pseu.puti._AE016790: fold_compound.MEA() got an unexpected keyword argument 'gamma'
  Warning: Failed on srp_Rhod.spha._CP000577: fold_compound.MEA() got an unexpected keyword argument 'gamma'
  Warning: Failed on srp_Rick.prow._AJ235273: fold_compound.MEA() got an unexpected keyword argument 'gamma'
  Warning: Failed on srp_Shew.balt._CP000563: fold_compound.MEA() got an unexpected keyword argument 'gamma'
  Warning: Failed on srp_Shew.balt._CP000753: fold_compound.MEA() got an unexpected keyword argument 'gamma'
  Warning: Failed on srp_Shew.deni._CP000302: fold_compound.MEA() got an unexpected keyword argument 'gamma'
  Warning: Failed on srp_Shew.onei._AE014299: fold_compound.MEA() got an unexpected keyword argument 'gamma'
  Warning: Failed on srp_Shew.spec._CP000446: fold_compound.MEA() got an unexpected keyword argument 'gamma'
  Warning: Failed on srp_Sola.tube._DR037645: fold_compound.MEA() got an unexpected keyword argument 'gamma'
  Warning: Failed on srp_Sola.tube._DR037646: fold_compound.MEA() got an unexpected keyword argument 'gamma'
  Warning: Failed on srp_Sorg.bico._BE594178: fold_compound.MEA() got an unexpected keyword argument 'gamma'
  Warning: Failed on srp_Stap.aure._AC025951: fold_compound.MEA() got an unexpected keyword argument 'gamma'
  Warning: Failed on srp_Stap.aure._AF368293: fold_compound.MEA() got an unexpected keyword argument 'gamma'
  Processed 200/719...
  Warning: Failed on srp_Stap.aure._BA000017: fold_compound.MEA() got an unexpected keyword argument 'gamma'
  Warning: Failed on srp_Stap.aure._BA000018: fold_compound.MEA() got an unexpected keyword argument 'gamma'
  Warning: Failed on srp_Stap.aure._BA000033: fold_compound.MEA() got an unexpected keyword argument 'gamma'
  Warning: Failed on srp_Stap.aure._BX571856: fold_compound.MEA() got an unexpected keyword argument 'gamma'
  Warning: Failed on srp_Stap.aure._BX571857: fold_compound.MEA() got an unexpected keyword argument 'gamma'
  Warning: Failed on srp_Stap.aure._CP000046: fold_compound.MEA() got an unexpected keyword argument 'gamma'
  Warning: Failed on srp_Stre.muta._AE014133: fold_compound.MEA() got an unexpected keyword argument 'gamma'
  Warning: Failed on srp_Stre.muta._AF132127: fold_compound.MEA() got an unexpected keyword argument 'gamma'
  Warning: Failed on srp_Stre.pyog._AE004092: fold_compound.MEA() got an unexpected keyword argument 'gamma'
  Warning: Failed on srp_Stre.pyog._CP000259: fold_compound.MEA() got an unexpected keyword argument 'gamma'
  Warning: Failed on srp_Stre.pyog._CP000260: fold_compound.MEA() got an unexpected keyword argument 'gamma'
  Warning: Failed on srp_Stre.pyog._CP000261: fold_compound.MEA() got an unexpected keyword argument 'gamma'
  Warning: Failed on srp_Symb.ther._AP006840: fold_compound.MEA() got an unexpected keyword argument 'gamma'
  Warning: Failed on srp_Ther.ther._AE017221: fold_compound.MEA() got an unexpected keyword argument 'gamma'
  Warning: Failed on srp_Ther.ther._AE017306: fold_compound.MEA() got an unexpected keyword argument 'gamma'
  Warning: Failed on srp_Ther.ther._AP008226: fold_compound.MEA() got an unexpected keyword argument 'gamma'
  Warning: Failed on srp_Ther.ther._X12643: fold_compound.MEA() got an unexpected keyword argument 'gamma'
  Warning: Failed on srp_Trop.whip._AE016852: fold_compound.MEA() got an unexpected keyword argument 'gamma'
  Warning: Failed on srp_Urea.parv._AE002112: fold_compound.MEA() got an unexpected keyword argument 'gamma'
  Warning: Failed on srp_Wolb.endo._AE017321: fold_compound.MEA() got an unexpected keyword argument 'gamma'
  Warning: Failed on srp_Xyle.fast._AE003849: fold_compound.MEA() got an unexpected keyword argument 'gamma'
  Warning: Failed on srp_Yers.pest._AE017129: fold_compound.MEA() got an unexpected keyword argument 'gamma'
  Warning: Failed on srp_Yers.pest._CP000305: fold_compound.MEA() got an unexpected keyword argument 'gamma'
  Warning: Failed on srp_Yers.pest._CP000308: fold_compound.MEA() got an unexpected keyword argument 'gamma'
  Warning: Failed on srp_Yers.pest._CP000668: fold_compound.MEA() got an unexpected keyword argument 'gamma'
  Warning: Failed on srp_Zea.mays._CF602412: fold_compound.MEA() got an unexpected keyword argument 'gamma'
  Warning: Failed on srp_Zymo.mobi._AE008692: fold_compound.MEA() got an unexpected keyword argument 'gamma'
  Warning: Failed on tRNA_tdbR00000004-Haloferax_volcanii-2246-Ala-UGC: fold_compound.MEA() got an unexpected keyword argument 'gamma'
  Warning: Failed on tRNA_tdbR00000019-Mycoplasma_capricolum-2095-Cys-GCA: fold_compound.MEA() got an unexpected keyword argument 'gamma'
  Warning: Failed on tRNA_tdbR00000061-Mus_musculus-10090-Glu-CUC: fold_compound.MEA() got an unexpected keyword argument 'gamma'
  Warning: Failed on tRNA_tdbR00000062-Homo_sapiens-9606-Glu-CUC: fold_compound.MEA() got an unexpected keyword argument 'gamma'
  Warning: Failed on tRNA_tdbR00000078-Ascaris_suum-6253-Phe-GAA: fold_compound.MEA() got an unexpected keyword argument 'gamma'
  Warning: Failed on tRNA_tdbR00000080-Bos_taurus-9913-Phe-GAA: fold_compound.MEA() got an unexpected keyword argument 'gamma'
  Warning: Failed on tRNA_tdbR00000092-Oryctolagus_cuniculus-9986-Phe-AA: fold_compound.MEA() got an unexpected keyword argument 'gamma'
  Warning: Failed on tRNA_tdbR00000094-Bombyx_mori-7091-Phe-AA: fold_compound.MEA() got an unexpected keyword argument 'gamma'
  Warning: Failed on tRNA_tdbR00000096-Bos_taurus-9913-Phe-AA: fold_compound.MEA() got an unexpected keyword argument 'gamma'
  Warning: Failed on tRNA_tdbR00000098-Xenopus_laevis-8355-Phe-AA: fold_compound.MEA() got an unexpected keyword argument 'gamma'
  Warning: Failed on tRNA_tdbR00000100-Mus_musculus-10090-Phe-AA: fold_compound.MEA() got an unexpected keyword argument 'gamma'
  Warning: Failed on tRNA_tdbR00000101-Mus_musculus-10090-Phe-AA: fold_compound.MEA() got an unexpected keyword argument 'gamma'
  Warning: Failed on tRNA_tdbR00000102-Bos_taurus-9913-Phe-AA: fold_compound.MEA() got an unexpected keyword argument 'gamma'
  Warning: Failed on tRNA_tdbR00000103-Homo_sapiens-9606-Phe-AA: fold_compound.MEA() got an unexpected keyword argument 'gamma'
  Warning: Failed on tRNA_tdbR00000140-Escherichia_coli-562-His-QUG: fold_compound.MEA() got an unexpected keyword argument 'gamma'
  Warning: Failed on tRNA_tdbR00000141-Salmonella_typhimurium-602-His-QUG: fold_compound.MEA() got an unexpected keyword argument 'gamma'
  Warning: Failed on tRNA_tdbR00000148-Ovis_aries-9940-His-QUG: fold_compound.MEA() got an unexpected keyword argument 'gamma'
  Warning: Failed on tRNA_tdbR00000149-Homo_sapiens-9606-His-GUG: fold_compound.MEA() got an unexpected keyword argument 'gamma'
  Warning: Failed on tRNA_tdbR00000161-Zea_mays-4577-Ile-GAU: fold_compound.MEA() got an unexpected keyword argument 'gamma'
  Warning: Failed on tRNA_tdbR00000162-Spinacia_oleracea-3562-Ile-GAU: fold_compound.MEA() got an unexpected keyword argument 'gamma'
  Warning: Failed on tRNA_tdbR00000187-Loligo_bleekeri-6617-Lys-CUU: fold_compound.MEA() got an unexpected keyword argument 'gamma'
  Warning: Failed on tRNA_tdbR00000202-Drosophila_melanogaster-7227-Lys-UU: fold_compound.MEA() got an unexpected keyword argument 'gamma'
  Warning: Failed on tRNA_tdbR00000204-Loligo_bleekeri-6617-Lys-CUU: fold_compound.MEA() got an unexpected keyword argument 'gamma'
  Processed 250/719...
  Warning: Failed on tRNA_tdbR00000232-Phaseolus_vulgaris-3885-Leu-NAA: fold_compound.MEA() got an unexpected keyword argument 'gamma'
  Warning: Failed on tRNA_tdbR00000255-Candida_cylindracea-44322-Leu-IAG: fold_compound.MEA() got an unexpected keyword argument 'gamma'
  Warning: Failed on tRNA_tdbR00000264-Caenorhabditis_elegans-6239-Leu-IAG: fold_compound.MEA() got an unexpected keyword argument 'gamma'
  Warning: Failed on tRNA_tdbR00000280-Saccharomyces_cerevisiae-4932-Met-CAU: fold_compound.MEA() got an unexpected keyword argument 'gamma'
  Warning: Failed on tRNA_tdbR00000287-Oryctolagus_cuniculus-9986-Met-BAU: fold_compound.MEA() got an unexpected keyword argument 'gamma'
  Warning: Failed on tRNA_tdbR00000288-Mus_musculus-10090-Met-BAU: fold_compound.MEA() got an unexpected keyword argument 'gamma'
  Warning: Failed on tRNA_tdbR00000289-Homo_sapiens-9606-Met-BAU: fold_compound.MEA() got an unexpected keyword argument 'gamma'
  Warning: Failed on tRNA_tdbR00000309-Enterobacteria_phage_T4-10665-Pro-NGG: fold_compound.MEA() got an unexpected keyword argument 'gamma'
  Warning: Failed on tRNA_tdbR00000330-Haloferax_volcanii-2246-Gln-MUG: fold_compound.MEA() got an unexpected keyword argument 'gamma'
  Warning: Failed on tRNA_tdbR00000341-Rattus_norvegicus-10116-Gln-CUG: fold_compound.MEA() got an unexpected keyword argument 'gamma'
  Warning: Failed on tRNA_tdbR00000342-Bos_taurus-9913-Gln-CUG: fold_compound.MEA() got an unexpected keyword argument 'gamma'
  Warning: Failed on tRNA_tdbR00000343-Mus_musculus-10090-Gln-CUG: fold_compound.MEA() got an unexpected keyword argument 'gamma'
  Warning: Failed on tRNA_tdbR00000362-Saccharomyces_cerevisiae-4932-Arg-NCU: fold_compound.MEA() got an unexpected keyword argument 'gamma'
  Warning: Failed on tRNA_tdbR00000382-Haloferax_volcanii-2246-Ser-MGA: fold_compound.MEA() got an unexpected keyword argument 'gamma'
  Warning: Failed on tRNA_tdbR00000383-Haloferax_volcanii-2246-Ser-GGA: fold_compound.MEA() got an unexpected keyword argument 'gamma'
  Warning: Failed on tRNA_tdbR00000406-Saccharomyces_cerevisiae-4932-Ser-NGA: fold_compound.MEA() got an unexpected keyword argument 'gamma'
  Warning: Failed on tRNA_tdbR00000418-Nicotiana_rustica-4093-Ser-IGA: fold_compound.MEA() got an unexpected keyword argument 'gamma'
  Warning: Failed on tRNA_tdbR00000420-Spinacia_oleracea-3562-Ser-IGA: fold_compound.MEA() got an unexpected keyword argument 'gamma'
  Warning: Failed on tRNA_tdbR00000490-Saccharomyces_cerevisiae-4932-Trp-CA: fold_compound.MEA() got an unexpected keyword argument 'gamma'
  Warning: Failed on tRNA_tdbR00000548-Scenedesmus_obliquus-3088-Tyr-GUA: fold_compound.MEA() got an unexpected keyword argument 'gamma'
  Warning: Failed on tRNA_tdbR00000551-Saccharomyces_cerevisiae-4932-Tyr-GUA: fold_compound.MEA() got an unexpected keyword argument 'gamma'
  Warning: Failed on tRNA_tdbR00000558-Triticum_aestivum-4565-Tyr-QPA: fold_compound.MEA() got an unexpected keyword argument 'gamma'
  Warning: Failed on tRNA_tdbR00000559-Triticum_aestivum-4565-Tyr-GPA: fold_compound.MEA() got an unexpected keyword argument 'gamma'
  Warning: Failed on tRNA_tdbR00000560-Lupinus_luteus-3873-Tyr-GPA: fold_compound.MEA() got an unexpected keyword argument 'gamma'
  Warning: Failed on tRNA_tdbR00000561-Nicotiana_rustica-4093-Tyr-GPA: fold_compound.MEA() got an unexpected keyword argument 'gamma'
  Warning: Failed on tRNA_tdbR00000563-Lupinus_albus-3870-Tyr-GPA: fold_compound.MEA() got an unexpected keyword argument 'gamma'
  Warning: Failed on tRNA_tdbR00000572-Leishmania_tarentolae-5689-Lys-1UU: fold_compound.MEA() got an unexpected keyword argument 'gamma'
  Warning: Failed on telomerase_AF221913.109-520: fold_compound.MEA() got an unexpected keyword argument 'gamma'
  Warning: Failed on tmRNA_Acti.acti._TRW-272556_1-366: fold_compound.MEA() got an unexpected keyword argument 'gamma'
  Warning: Failed on tmRNA_Baci.anth._AE016879_1-355: fold_compound.MEA() got an unexpected keyword argument 'gamma'
  Warning: Failed on tmRNA_Baci.cere._TRW-226900_1-355: fold_compound.MEA() got an unexpected keyword argument 'gamma'
  Warning: Failed on tmRNA_Burk.fung._TRW-266265_1-370: fold_compound.MEA() got an unexpected keyword argument 'gamma'
  Warning: Failed on tmRNA_Burk.xeno._CP000270_1-370: fold_compound.MEA() got an unexpected keyword argument 'gamma'
  Warning: Failed on tmRNA_Chla.trac._TRW-272561_1-420: fold_compound.MEA() got an unexpected keyword argument 'gamma'
  Warning: Failed on tmRNA_Cyan.para._U30821_1-291: fold_compound.MEA() got an unexpected keyword argument 'gamma'
  Warning: Failed on tmRNA_Esch.coli._AE005491_1-363: fold_compound.MEA() got an unexpected keyword argument 'gamma'
  Warning: Failed on tmRNA_Esch.coli._AP009048_1-363: fold_compound.MEA() got an unexpected keyword argument 'gamma'
  Warning: Failed on tmRNA_Esch.coli._BA000007_1-363: fold_compound.MEA() got an unexpected keyword argument 'gamma'
  Warning: Failed on tmRNA_Esch.coli._CP000243_1-363: fold_compound.MEA() got an unexpected keyword argument 'gamma'
  Warning: Failed on tmRNA_Esch.coli._CP000247_1-363: fold_compound.MEA() got an unexpected keyword argument 'gamma'
  Warning: Failed on tmRNA_Esch.coli._CP000468_1-363: fold_compound.MEA() got an unexpected keyword argument 'gamma'
  Warning: Failed on tmRNA_Esch.coli._D12501_1-363: fold_compound.MEA() got an unexpected keyword argument 'gamma'
  Warning: Failed on tmRNA_Esch.coli._D90888_1-363: fold_compound.MEA() got an unexpected keyword argument 'gamma'
  Warning: Failed on tmRNA_Esch.coli._U00096_1-363: fold_compound.MEA() got an unexpected keyword argument 'gamma'
  Warning: Failed on tmRNA_Esch.coli._U36840_1-363: fold_compound.MEA() got an unexpected keyword argument 'gamma'
  Warning: Failed on tmRNA_Geob.stea._TRW-1422_1-352: fold_compound.MEA() got an unexpected keyword argument 'gamma'
  Warning: Failed on tmRNA_Haem.infl._AY599475_1-366: fold_compound.MEA() got an unexpected keyword argument 'gamma'
  Warning: Failed on tmRNA_Haem.infl._L42023_1-366: fold_compound.MEA() got an unexpected keyword argument 'gamma'
  Warning: Failed on tmRNA_Haem.infl._U32808_1-366: fold_compound.MEA() got an unexpected keyword argument 'gamma'
  Warning: Failed on tmRNA_Lept.inte._AE016823_1-350: fold_compound.MEA() got an unexpected keyword argument 'gamma'
  Processed 300/719...
  Warning: Failed on tmRNA_Myco.geni._TRW-243273_1-388: fold_compound.MEA() got an unexpected keyword argument 'gamma'
  Warning: Failed on tmRNA_Myco.geni._U39713_1-385: fold_compound.MEA() got an unexpected keyword argument 'gamma'
  Warning: Failed on tmRNA_Myco.hyop._TRW-295358_1-424: fold_compound.MEA() got an unexpected keyword argument 'gamma'
  Warning: Failed on tmRNA_Nost.spec._BA000019_1-390: fold_compound.MEA() got an unexpected keyword argument 'gamma'
  Warning: Failed on tmRNA_Prop.acne._TRW-1747-3_1-353: fold_compound.MEA() got an unexpected keyword argument 'gamma'
  Warning: Failed on tmRNA_Shig.boyd._CP000036_1-363: fold_compound.MEA() got an unexpected keyword argument 'gamma'
  Warning: Failed on tmRNA_Shig.flex._AE005674_1-363: fold_compound.MEA() got an unexpected keyword argument 'gamma'
  Warning: Failed on tmRNA_Shig.flex._AE014073_1-363: fold_compound.MEA() got an unexpected keyword argument 'gamma'
  Warning: Failed on tmRNA_Shig.flex._CP000266_1-363: fold_compound.MEA() got an unexpected keyword argument 'gamma'
  Warning: Failed on tmRNA_Shig.sonn._CP000038_1-363: fold_compound.MEA() got an unexpected keyword argument 'gamma'
  Warning: Failed on tmRNA_Stap.aure._BA000033_1-362: fold_compound.MEA() got an unexpected keyword argument 'gamma'
  Warning: Failed on tmRNA_Stap.epid._TRW-1282-1_1-361: fold_compound.MEA() got an unexpected keyword argument 'gamma'
  Warning: Failed on tmRNA_Syne.spec._TRW-1131_1-399: fold_compound.MEA() got an unexpected keyword argument 'gamma'
  Warning: Failed on tmRNA_Ther.teng._AE013063_1-351: fold_compound.MEA() got an unexpected keyword argument 'gamma'
  Warning: Failed on tmRNA_envi.sequ._TRW-300695-2_1-345: fold_compound.MEA() got an unexpected keyword argument 'gamma'
  Warning: Failed on bpRNA_CRW_15828: fold_compound.MEA() got an unexpected keyword argument 'gamma'
  Warning: Failed on bpRNA_CRW_16282: fold_compound.MEA() got an unexpected keyword argument 'gamma'
  Warning: Failed on bpRNA_CRW_20109: fold_compound.MEA() got an unexpected keyword argument 'gamma'
  Warning: Failed on bpRNA_CRW_20581: fold_compound.MEA() got an unexpected keyword argument 'gamma'
  Warning: Failed on bpRNA_CRW_26859: fold_compound.MEA() got an unexpected keyword argument 'gamma'
  Warning: Failed on bpRNA_CRW_29631: fold_compound.MEA() got an unexpected keyword argument 'gamma'
  Warning: Failed on bpRNA_CRW_30722: fold_compound.MEA() got an unexpected keyword argument 'gamma'
  Warning: Failed on bpRNA_CRW_31722: fold_compound.MEA() got an unexpected keyword argument 'gamma'
  Warning: Failed on bpRNA_CRW_33861: fold_compound.MEA() got an unexpected keyword argument 'gamma'
  Warning: Failed on bpRNA_CRW_41231: fold_compound.MEA() got an unexpected keyword argument 'gamma'
  Warning: Failed on bpRNA_CRW_42293: fold_compound.MEA() got an unexpected keyword argument 'gamma'
  Warning: Failed on bpRNA_CRW_42692: fold_compound.MEA() got an unexpected keyword argument 'gamma'
  Warning: Failed on bpRNA_CRW_54567: fold_compound.MEA() got an unexpected keyword argument 'gamma'
  Warning: Failed on bpRNA_CRW_54646: fold_compound.MEA() got an unexpected keyword argument 'gamma'
  Warning: Failed on bpRNA_CRW_55438: fold_compound.MEA() got an unexpected keyword argument 'gamma'
  Warning: Failed on bpRNA_RFAM_10560: fold_compound.MEA() got an unexpected keyword argument 'gamma'
  Warning: Failed on bpRNA_RFAM_10644: fold_compound.MEA() got an unexpected keyword argument 'gamma'
  Warning: Failed on bpRNA_RFAM_1072: fold_compound.MEA() got an unexpected keyword argument 'gamma'
  Warning: Failed on bpRNA_RFAM_11103: fold_compound.MEA() got an unexpected keyword argument 'gamma'
  Warning: Failed on bpRNA_RFAM_11176: fold_compound.MEA() got an unexpected keyword argument 'gamma'
  Warning: Failed on bpRNA_RFAM_11557: fold_compound.MEA() got an unexpected keyword argument 'gamma'
  Warning: Failed on bpRNA_RFAM_1170: fold_compound.MEA() got an unexpected keyword argument 'gamma'
  Warning: Failed on bpRNA_RFAM_11766: fold_compound.MEA() got an unexpected keyword argument 'gamma'
  Warning: Failed on bpRNA_RFAM_1177: fold_compound.MEA() got an unexpected keyword argument 'gamma'
  Warning: Failed on bpRNA_RFAM_11843: fold_compound.MEA() got an unexpected keyword argument 'gamma'
  Warning: Failed on bpRNA_RFAM_11948: fold_compound.MEA() got an unexpected keyword argument 'gamma'
  Warning: Failed on bpRNA_RFAM_12780: fold_compound.MEA() got an unexpected keyword argument 'gamma'
  Warning: Failed on bpRNA_RFAM_12784: fold_compound.MEA() got an unexpected keyword argument 'gamma'
  Warning: Failed on bpRNA_RFAM_12995: fold_compound.MEA() got an unexpected keyword argument 'gamma'
  Warning: Failed on bpRNA_RFAM_13033: fold_compound.MEA() got an unexpected keyword argument 'gamma'
  Warning: Failed on bpRNA_RFAM_1349: fold_compound.MEA() got an unexpected keyword argument 'gamma'
  Warning: Failed on bpRNA_RFAM_1364: fold_compound.MEA() got an unexpected keyword argument 'gamma'
  Warning: Failed on bpRNA_RFAM_13647: fold_compound.MEA() got an unexpected keyword argument 'gamma'
  Warning: Failed on bpRNA_RFAM_13722: fold_compound.MEA() got an unexpected keyword argument 'gamma'
  Warning: Failed on bpRNA_RFAM_13841: fold_compound.MEA() got an unexpected keyword argument 'gamma'
  Processed 350/719...
  Warning: Failed on bpRNA_RFAM_141: fold_compound.MEA() got an unexpected keyword argument 'gamma'
  Warning: Failed on bpRNA_RFAM_14208: fold_compound.MEA() got an unexpected keyword argument 'gamma'
  Warning: Failed on bpRNA_RFAM_14510: fold_compound.MEA() got an unexpected keyword argument 'gamma'
  Warning: Failed on bpRNA_RFAM_14719: fold_compound.MEA() got an unexpected keyword argument 'gamma'
  Warning: Failed on bpRNA_RFAM_15065: fold_compound.MEA() got an unexpected keyword argument 'gamma'
  Warning: Failed on bpRNA_RFAM_15087: fold_compound.MEA() got an unexpected keyword argument 'gamma'
  Warning: Failed on bpRNA_RFAM_15371: fold_compound.MEA() got an unexpected keyword argument 'gamma'
  Warning: Failed on bpRNA_RFAM_15706: fold_compound.MEA() got an unexpected keyword argument 'gamma'
  Warning: Failed on bpRNA_RFAM_15943: fold_compound.MEA() got an unexpected keyword argument 'gamma'
  Warning: Failed on bpRNA_RFAM_160: fold_compound.MEA() got an unexpected keyword argument 'gamma'
  Warning: Failed on bpRNA_RFAM_16197: fold_compound.MEA() got an unexpected keyword argument 'gamma'
  Warning: Failed on bpRNA_RFAM_16599: fold_compound.MEA() got an unexpected keyword argument 'gamma'
  Warning: Failed on bpRNA_RFAM_16889: fold_compound.MEA() got an unexpected keyword argument 'gamma'
  Warning: Failed on bpRNA_RFAM_16915: fold_compound.MEA() got an unexpected keyword argument 'gamma'
  Warning: Failed on bpRNA_RFAM_1706: fold_compound.MEA() got an unexpected keyword argument 'gamma'
  Warning: Failed on bpRNA_RFAM_18140: fold_compound.MEA() got an unexpected keyword argument 'gamma'
  Warning: Failed on bpRNA_RFAM_18409: fold_compound.MEA() got an unexpected keyword argument 'gamma'
  Warning: Failed on bpRNA_RFAM_18515: fold_compound.MEA() got an unexpected keyword argument 'gamma'
  Warning: Failed on bpRNA_RFAM_18619: fold_compound.MEA() got an unexpected keyword argument 'gamma'
  Warning: Failed on bpRNA_RFAM_1862: fold_compound.MEA() got an unexpected keyword argument 'gamma'
  Warning: Failed on bpRNA_RFAM_18679: fold_compound.MEA() got an unexpected keyword argument 'gamma'
  Warning: Failed on bpRNA_RFAM_18693: fold_compound.MEA() got an unexpected keyword argument 'gamma'
  Warning: Failed on bpRNA_RFAM_18698: fold_compound.MEA() got an unexpected keyword argument 'gamma'
  Warning: Failed on bpRNA_RFAM_18802: fold_compound.MEA() got an unexpected keyword argument 'gamma'
  Warning: Failed on bpRNA_RFAM_18946: fold_compound.MEA() got an unexpected keyword argument 'gamma'
  Warning: Failed on bpRNA_RFAM_19252: fold_compound.MEA() got an unexpected keyword argument 'gamma'
  Warning: Failed on bpRNA_RFAM_20013: fold_compound.MEA() got an unexpected keyword argument 'gamma'
  Warning: Failed on bpRNA_RFAM_2008: fold_compound.MEA() got an unexpected keyword argument 'gamma'
  Warning: Failed on bpRNA_RFAM_20546: fold_compound.MEA() got an unexpected keyword argument 'gamma'
  Warning: Failed on bpRNA_RFAM_20621: fold_compound.MEA() got an unexpected keyword argument 'gamma'
  Warning: Failed on bpRNA_RFAM_21157: fold_compound.MEA() got an unexpected keyword argument 'gamma'
  Warning: Failed on bpRNA_RFAM_21216: fold_compound.MEA() got an unexpected keyword argument 'gamma'
  Warning: Failed on bpRNA_RFAM_21238: fold_compound.MEA() got an unexpected keyword argument 'gamma'
  Warning: Failed on bpRNA_RFAM_21276: fold_compound.MEA() got an unexpected keyword argument 'gamma'
  Warning: Failed on bpRNA_RFAM_21323: fold_compound.MEA() got an unexpected keyword argument 'gamma'
  Warning: Failed on bpRNA_RFAM_21383: fold_compound.MEA() got an unexpected keyword argument 'gamma'
  Warning: Failed on bpRNA_RFAM_21540: fold_compound.MEA() got an unexpected keyword argument 'gamma'
  Warning: Failed on bpRNA_RFAM_21554: fold_compound.MEA() got an unexpected keyword argument 'gamma'
  Warning: Failed on bpRNA_RFAM_21587: fold_compound.MEA() got an unexpected keyword argument 'gamma'
  Warning: Failed on bpRNA_RFAM_21697: fold_compound.MEA() got an unexpected keyword argument 'gamma'
  Warning: Failed on bpRNA_RFAM_21832: fold_compound.MEA() got an unexpected keyword argument 'gamma'
  Warning: Failed on bpRNA_RFAM_22044: fold_compound.MEA() got an unexpected keyword argument 'gamma'
  Warning: Failed on bpRNA_RFAM_22136: fold_compound.MEA() got an unexpected keyword argument 'gamma'
  Warning: Failed on bpRNA_RFAM_22188: fold_compound.MEA() got an unexpected keyword argument 'gamma'
  Warning: Failed on bpRNA_RFAM_2225: fold_compound.MEA() got an unexpected keyword argument 'gamma'
  Warning: Failed on bpRNA_RFAM_22343: fold_compound.MEA() got an unexpected keyword argument 'gamma'
  Warning: Failed on bpRNA_RFAM_22684: fold_compound.MEA() got an unexpected keyword argument 'gamma'
  Warning: Failed on bpRNA_RFAM_22746: fold_compound.MEA() got an unexpected keyword argument 'gamma'
  Warning: Failed on bpRNA_RFAM_22913: fold_compound.MEA() got an unexpected keyword argument 'gamma'
  Warning: Failed on bpRNA_RFAM_22967: fold_compound.MEA() got an unexpected keyword argument 'gamma'
  Processed 400/719...
  Warning: Failed on bpRNA_RFAM_2306: fold_compound.MEA() got an unexpected keyword argument 'gamma'
  Warning: Failed on bpRNA_RFAM_23233: fold_compound.MEA() got an unexpected keyword argument 'gamma'
  Warning: Failed on bpRNA_RFAM_23293: fold_compound.MEA() got an unexpected keyword argument 'gamma'
  Warning: Failed on bpRNA_RFAM_2400: fold_compound.MEA() got an unexpected keyword argument 'gamma'
  Warning: Failed on bpRNA_RFAM_24717: fold_compound.MEA() got an unexpected keyword argument 'gamma'
  Warning: Failed on bpRNA_RFAM_24722: fold_compound.MEA() got an unexpected keyword argument 'gamma'
  Warning: Failed on bpRNA_RFAM_24804: fold_compound.MEA() got an unexpected keyword argument 'gamma'
  Warning: Failed on bpRNA_RFAM_24906: fold_compound.MEA() got an unexpected keyword argument 'gamma'
  Warning: Failed on bpRNA_RFAM_24956: fold_compound.MEA() got an unexpected keyword argument 'gamma'
  Warning: Failed on bpRNA_RFAM_24976: fold_compound.MEA() got an unexpected keyword argument 'gamma'
  Warning: Failed on bpRNA_RFAM_25069: fold_compound.MEA() got an unexpected keyword argument 'gamma'
  Warning: Failed on bpRNA_RFAM_25434: fold_compound.MEA() got an unexpected keyword argument 'gamma'
  Warning: Failed on bpRNA_RFAM_25637: fold_compound.MEA() got an unexpected keyword argument 'gamma'
  Warning: Failed on bpRNA_RFAM_25658: fold_compound.MEA() got an unexpected keyword argument 'gamma'
  Warning: Failed on bpRNA_RFAM_26243: fold_compound.MEA() got an unexpected keyword argument 'gamma'
  Warning: Failed on bpRNA_RFAM_26330: fold_compound.MEA() got an unexpected keyword argument 'gamma'
  Warning: Failed on bpRNA_RFAM_26347: fold_compound.MEA() got an unexpected keyword argument 'gamma'
  Warning: Failed on bpRNA_RFAM_26614: fold_compound.MEA() got an unexpected keyword argument 'gamma'
  Warning: Failed on bpRNA_RFAM_26929: fold_compound.MEA() got an unexpected keyword argument 'gamma'
  Warning: Failed on bpRNA_RFAM_27096: fold_compound.MEA() got an unexpected keyword argument 'gamma'
  Warning: Failed on bpRNA_RFAM_2720: fold_compound.MEA() got an unexpected keyword argument 'gamma'
  Warning: Failed on bpRNA_RFAM_2722: fold_compound.MEA() got an unexpected keyword argument 'gamma'
  Warning: Failed on bpRNA_RFAM_27887: fold_compound.MEA() got an unexpected keyword argument 'gamma'
  Warning: Failed on bpRNA_RFAM_27946: fold_compound.MEA() got an unexpected keyword argument 'gamma'
  Warning: Failed on bpRNA_RFAM_28373: fold_compound.MEA() got an unexpected keyword argument 'gamma'
  Warning: Failed on bpRNA_RFAM_29020: fold_compound.MEA() got an unexpected keyword argument 'gamma'
  Warning: Failed on bpRNA_RFAM_29070: fold_compound.MEA() got an unexpected keyword argument 'gamma'
  Warning: Failed on bpRNA_RFAM_2954: fold_compound.MEA() got an unexpected keyword argument 'gamma'
  Warning: Failed on bpRNA_RFAM_2987: fold_compound.MEA() got an unexpected keyword argument 'gamma'
  Warning: Failed on bpRNA_RFAM_30886: fold_compound.MEA() got an unexpected keyword argument 'gamma'
  Warning: Failed on bpRNA_RFAM_3130: fold_compound.MEA() got an unexpected keyword argument 'gamma'
  Warning: Failed on bpRNA_RFAM_31470: fold_compound.MEA() got an unexpected keyword argument 'gamma'
  Warning: Failed on bpRNA_RFAM_31482: fold_compound.MEA() got an unexpected keyword argument 'gamma'
  Warning: Failed on bpRNA_RFAM_31524: fold_compound.MEA() got an unexpected keyword argument 'gamma'
  Warning: Failed on bpRNA_RFAM_31580: fold_compound.MEA() got an unexpected keyword argument 'gamma'
  Warning: Failed on bpRNA_RFAM_32073: fold_compound.MEA() got an unexpected keyword argument 'gamma'
  Warning: Failed on bpRNA_RFAM_32679: fold_compound.MEA() got an unexpected keyword argument 'gamma'
  Warning: Failed on bpRNA_RFAM_32711: fold_compound.MEA() got an unexpected keyword argument 'gamma'
  Warning: Failed on bpRNA_RFAM_33533: fold_compound.MEA() got an unexpected keyword argument 'gamma'
  Warning: Failed on bpRNA_RFAM_33611: fold_compound.MEA() got an unexpected keyword argument 'gamma'
  Warning: Failed on bpRNA_RFAM_33614: fold_compound.MEA() got an unexpected keyword argument 'gamma'
  Warning: Failed on bpRNA_RFAM_33698: fold_compound.MEA() got an unexpected keyword argument 'gamma'
  Warning: Failed on bpRNA_RFAM_33959: fold_compound.MEA() got an unexpected keyword argument 'gamma'
  Warning: Failed on bpRNA_RFAM_34572: fold_compound.MEA() got an unexpected keyword argument 'gamma'
  Warning: Failed on bpRNA_RFAM_34740: fold_compound.MEA() got an unexpected keyword argument 'gamma'
  Warning: Failed on bpRNA_RFAM_34934: fold_compound.MEA() got an unexpected keyword argument 'gamma'
  Warning: Failed on bpRNA_RFAM_35485: fold_compound.MEA() got an unexpected keyword argument 'gamma'
  Warning: Failed on bpRNA_RFAM_36169: fold_compound.MEA() got an unexpected keyword argument 'gamma'
  Warning: Failed on bpRNA_RFAM_36422: fold_compound.MEA() got an unexpected keyword argument 'gamma'
  Warning: Failed on bpRNA_RFAM_36465: fold_compound.MEA() got an unexpected keyword argument 'gamma'
  Processed 450/719...
  Warning: Failed on bpRNA_RFAM_36483: fold_compound.MEA() got an unexpected keyword argument 'gamma'
  Warning: Failed on bpRNA_RFAM_3685: fold_compound.MEA() got an unexpected keyword argument 'gamma'
  Warning: Failed on bpRNA_RFAM_37473: fold_compound.MEA() got an unexpected keyword argument 'gamma'
  Warning: Failed on bpRNA_RFAM_37605: fold_compound.MEA() got an unexpected keyword argument 'gamma'
  Warning: Failed on bpRNA_RFAM_38158: fold_compound.MEA() got an unexpected keyword argument 'gamma'
  Warning: Failed on bpRNA_RFAM_38307: fold_compound.MEA() got an unexpected keyword argument 'gamma'
  Warning: Failed on bpRNA_RFAM_38360: fold_compound.MEA() got an unexpected keyword argument 'gamma'
  Warning: Failed on bpRNA_RFAM_38370: fold_compound.MEA() got an unexpected keyword argument 'gamma'
  Warning: Failed on bpRNA_RFAM_38602: fold_compound.MEA() got an unexpected keyword argument 'gamma'
  Warning: Failed on bpRNA_RFAM_38634: fold_compound.MEA() got an unexpected keyword argument 'gamma'
  Warning: Failed on bpRNA_RFAM_38847: fold_compound.MEA() got an unexpected keyword argument 'gamma'
  Warning: Failed on bpRNA_RFAM_39694: fold_compound.MEA() got an unexpected keyword argument 'gamma'
  Warning: Failed on bpRNA_RFAM_40155: fold_compound.MEA() got an unexpected keyword argument 'gamma'
  Warning: Failed on bpRNA_RFAM_40254: fold_compound.MEA() got an unexpected keyword argument 'gamma'
  Warning: Failed on bpRNA_RFAM_41135: fold_compound.MEA() got an unexpected keyword argument 'gamma'
  Warning: Failed on bpRNA_RFAM_41242: fold_compound.MEA() got an unexpected keyword argument 'gamma'
  Warning: Failed on bpRNA_RFAM_41348: fold_compound.MEA() got an unexpected keyword argument 'gamma'
  Warning: Failed on bpRNA_RFAM_41689: fold_compound.MEA() got an unexpected keyword argument 'gamma'
  Warning: Failed on bpRNA_RFAM_42169: fold_compound.MEA() got an unexpected keyword argument 'gamma'
  Warning: Failed on bpRNA_RFAM_42225: fold_compound.MEA() got an unexpected keyword argument 'gamma'
  Warning: Failed on bpRNA_RFAM_42440: fold_compound.MEA() got an unexpected keyword argument 'gamma'
  Warning: Failed on bpRNA_RFAM_42484: fold_compound.MEA() got an unexpected keyword argument 'gamma'
  Warning: Failed on bpRNA_RFAM_42575: fold_compound.MEA() got an unexpected keyword argument 'gamma'
  Warning: Failed on bpRNA_RFAM_4326: fold_compound.MEA() got an unexpected keyword argument 'gamma'
  Warning: Failed on bpRNA_RFAM_4490: fold_compound.MEA() got an unexpected keyword argument 'gamma'
  Warning: Failed on bpRNA_RFAM_5189: fold_compound.MEA() got an unexpected keyword argument 'gamma'
  Warning: Failed on bpRNA_RFAM_5352: fold_compound.MEA() got an unexpected keyword argument 'gamma'
  Warning: Failed on bpRNA_RFAM_5444: fold_compound.MEA() got an unexpected keyword argument 'gamma'
  Warning: Failed on bpRNA_RFAM_5512: fold_compound.MEA() got an unexpected keyword argument 'gamma'
  Warning: Failed on bpRNA_RFAM_5690: fold_compound.MEA() got an unexpected keyword argument 'gamma'
  Warning: Failed on bpRNA_RFAM_5782: fold_compound.MEA() got an unexpected keyword argument 'gamma'
  Warning: Failed on bpRNA_RFAM_5849: fold_compound.MEA() got an unexpected keyword argument 'gamma'
  Warning: Failed on bpRNA_RFAM_5974: fold_compound.MEA() got an unexpected keyword argument 'gamma'
  Warning: Failed on bpRNA_RFAM_6040: fold_compound.MEA() got an unexpected keyword argument 'gamma'
  Warning: Failed on bpRNA_RFAM_6217: fold_compound.MEA() got an unexpected keyword argument 'gamma'
  Warning: Failed on bpRNA_RFAM_6613: fold_compound.MEA() got an unexpected keyword argument 'gamma'
  Warning: Failed on bpRNA_RFAM_6799: fold_compound.MEA() got an unexpected keyword argument 'gamma'
  Warning: Failed on bpRNA_RFAM_6874: fold_compound.MEA() got an unexpected keyword argument 'gamma'
  Warning: Failed on bpRNA_RFAM_6898: fold_compound.MEA() got an unexpected keyword argument 'gamma'
  Warning: Failed on bpRNA_RFAM_7155: fold_compound.MEA() got an unexpected keyword argument 'gamma'
  Warning: Failed on bpRNA_RFAM_7485: fold_compound.MEA() got an unexpected keyword argument 'gamma'
  Warning: Failed on bpRNA_RFAM_7940: fold_compound.MEA() got an unexpected keyword argument 'gamma'
  Warning: Failed on bpRNA_RFAM_8211: fold_compound.MEA() got an unexpected keyword argument 'gamma'
  Warning: Failed on bpRNA_RFAM_848: fold_compound.MEA() got an unexpected keyword argument 'gamma'
  Warning: Failed on bpRNA_RFAM_8538: fold_compound.MEA() got an unexpected keyword argument 'gamma'
  Warning: Failed on bpRNA_RFAM_8993: fold_compound.MEA() got an unexpected keyword argument 'gamma'
  Warning: Failed on bpRNA_RFAM_9038: fold_compound.MEA() got an unexpected keyword argument 'gamma'
  Warning: Failed on bpRNA_RFAM_9130: fold_compound.MEA() got an unexpected keyword argument 'gamma'
  Warning: Failed on bpRNA_RFAM_9133: fold_compound.MEA() got an unexpected keyword argument 'gamma'
  Warning: Failed on bpRNA_RFAM_9138: fold_compound.MEA() got an unexpected keyword argument 'gamma'
  Processed 500/719...
  Warning: Failed on bpRNA_RFAM_9189: fold_compound.MEA() got an unexpected keyword argument 'gamma'
  Warning: Failed on bpRNA_RFAM_9709: fold_compound.MEA() got an unexpected keyword argument 'gamma'
  Warning: Failed on bpRNA_RFAM_9749: fold_compound.MEA() got an unexpected keyword argument 'gamma'
  Warning: Failed on bpRNA_RFAM_9931: fold_compound.MEA() got an unexpected keyword argument 'gamma'
  Warning: Failed on bpRNA_RNP_182: fold_compound.MEA() got an unexpected keyword argument 'gamma'
  Warning: Failed on bpRNA_RNP_31: fold_compound.MEA() got an unexpected keyword argument 'gamma'
  Warning: Failed on bpRNA_RNP_414: fold_compound.MEA() got an unexpected keyword argument 'gamma'
  Warning: Failed on bpRNA_SPR_111: fold_compound.MEA() got an unexpected keyword argument 'gamma'
  Warning: Failed on bpRNA_SPR_563: fold_compound.MEA() got an unexpected keyword argument 'gamma'
  Warning: Failed on bpRNA_SRP_861: fold_compound.MEA() got an unexpected keyword argument 'gamma'
  Warning: Failed on bpRNA_tmRNA_168: fold_compound.MEA() got an unexpected keyword argument 'gamma'
  Warning: Failed on bpRNA_tmRNA_240: fold_compound.MEA() got an unexpected keyword argument 'gamma'
  Warning: Failed on bpRNA_tmRNA_340: fold_compound.MEA() got an unexpected keyword argument 'gamma'
  Warning: Failed on bpRNA_tmRNA_610: fold_compound.MEA() got an unexpected keyword argument 'gamma'
  Warning: Failed on bpRNA_tmRNA_643: fold_compound.MEA() got an unexpected keyword argument 'gamma'
  Warning: Failed on AAEU02004214.1/433-498: fold_compound.MEA() got an unexpected keyword argument 'gamma'
  Warning: Failed on AB001488.1/62222-62293: fold_compound.MEA() got an unexpected keyword argument 'gamma'
  Warning: Failed on AB009835.1/1-71: fold_compound.MEA() got an unexpected keyword argument 'gamma'
  Warning: Failed on AB013373.1/3754-3825: fold_compound.MEA() got an unexpected keyword argument 'gamma'
  Warning: Failed on AB031211.1/8065-8137: fold_compound.MEA() got an unexpected keyword argument 'gamma'
  Warning: Failed on AB031214.1/4204-4277: fold_compound.MEA() got an unexpected keyword argument 'gamma'
  Warning: Failed on AB031215.1/9125-9195: fold_compound.MEA() got an unexpected keyword argument 'gamma'
  Warning: Failed on AB035923.1/6106-6178: fold_compound.MEA() got an unexpected keyword argument 'gamma'
  Warning: Failed on AB042240.3/15036-15107: fold_compound.MEA() got an unexpected keyword argument 'gamma'
  Warning: Failed on AB042432.1/3845-3913: fold_compound.MEA() got an unexpected keyword argument 'gamma'
  Warning: Failed on AB042432.1/6942-7011: fold_compound.MEA() got an unexpected keyword argument 'gamma'
  Warning: Failed on AB042524.1/5257-5192: fold_compound.MEA() got an unexpected keyword argument 'gamma'
  Warning: Failed on AB035926.1/5989-6104: fold_compound.MEA() got an unexpected keyword argument 'gamma'
  Warning: Failed on AB045287.1/5831-5948: fold_compound.MEA() got an unexpected keyword argument 'gamma'
  Warning: Failed on AF001265.1/6033-6149: fold_compound.MEA() got an unexpected keyword argument 'gamma'
  Warning: Failed on AF008220.1/5185-5300: fold_compound.MEA() got an unexpected keyword argument 'gamma'
  Warning: Failed on AF034619.1/5584-5700: fold_compound.MEA() got an unexpected keyword argument 'gamma'
  Warning: Failed on AF036708.1/19036-19140: fold_compound.MEA() got an unexpected keyword argument 'gamma'
  Warning: Failed on AF083351.1/469-590: fold_compound.MEA() got an unexpected keyword argument 'gamma'
  Warning: Failed on AF096716.1/373-495: fold_compound.MEA() got an unexpected keyword argument 'gamma'
  Warning: Failed on AF096755.1/373-488: fold_compound.MEA() got an unexpected keyword argument 'gamma'
  Warning: Failed on AF114033.1/6078-6194: fold_compound.MEA() got an unexpected keyword argument 'gamma'
  Warning: Failed on AF114034.1/6052-6168: fold_compound.MEA() got an unexpected keyword argument 'gamma'
  Warning: Failed on AF114036.1/6058-6174: fold_compound.MEA() got an unexpected keyword argument 'gamma'
  Warning: Failed on AABS01000247.1/111722-112007: fold_compound.MEA() got an unexpected keyword argument 'gamma'
  Warning: Failed on AABS01000318.1/14425-14147: fold_compound.MEA() got an unexpected keyword argument 'gamma'
  Warning: Failed on AACN010616031.1/232-530: fold_compound.MEA() got an unexpected keyword argument 'gamma'
  Warning: Failed on AACT01037627.1/49101-48816: fold_compound.MEA() got an unexpected keyword argument 'gamma'
  Warning: Failed on AACT01038002.1/337-622: fold_compound.MEA() got an unexpected keyword argument 'gamma'
  Warning: Failed on AACW02000088.1/106193-106487: fold_compound.MEA() got an unexpected keyword argument 'gamma'
  Warning: Failed on AADB02016074.1/2338757-2339036: fold_compound.MEA() got an unexpected keyword argument 'gamma'
  Warning: Failed on AADC01117175.1/34409-34130: fold_compound.MEA() got an unexpected keyword argument 'gamma'
  Warning: Failed on AADD01137907.1/9486-9773: fold_compound.MEA() got an unexpected keyword argument 'gamma'
  Warning: Failed on AADD01137944.1/11247-10949: fold_compound.MEA() got an unexpected keyword argument 'gamma'
  Warning: Failed on AAGD02010404.1/8312-8015: fold_compound.MEA() got an unexpected keyword argument 'gamma'
  Processed 550/719...
  Warning: Failed on AAGE02003358.1/100111-100407: fold_compound.MEA() got an unexpected keyword argument 'gamma'
  Warning: Failed on AAGE02003358.1/57464-57166: fold_compound.MEA() got an unexpected keyword argument 'gamma'
  Warning: Failed on AE000512.1/1124728-1124612: fold_compound.MEA() got an unexpected keyword argument 'gamma'
  Warning: Failed on AE001437.1/136141-136243: fold_compound.MEA() got an unexpected keyword argument 'gamma'
  Warning: Failed on AE008691.1/46248-46514: fold_compound.MEA() got an unexpected keyword argument 'gamma'
  Warning: Failed on AE015927.1/24077-23975: fold_compound.MEA() got an unexpected keyword argument 'gamma'
  Warning: Failed on AE015929.1/2386853-2386584: fold_compound.MEA() got an unexpected keyword argument 'gamma'
  Warning: Failed on AE016879.1/25115-25379: fold_compound.MEA() got an unexpected keyword argument 'gamma'
  Warning: Failed on AE017194.1/25229-25331: fold_compound.MEA() got an unexpected keyword argument 'gamma'
  Warning: Failed on AE017225.1/25229-25331: fold_compound.MEA() got an unexpected keyword argument 'gamma'
  Warning: Failed on AE017333.1/30486-30751: fold_compound.MEA() got an unexpected keyword argument 'gamma'
  Warning: Failed on AF368293.1/5-274: fold_compound.MEA() got an unexpected keyword argument 'gamma'
  Warning: Failed on AJ938182.1/468421-468690: fold_compound.MEA() got an unexpected keyword argument 'gamma'
  Warning: Failed on AP006716.1/2548377-2548277: fold_compound.MEA() got an unexpected keyword argument 'gamma'
  Warning: Failed on AAEW02000009.1/28314-28685: fold_compound.MEA() got an unexpected keyword argument 'gamma'
  Warning: Failed on AAMO01000002.1/442801-442402: fold_compound.MEA() got an unexpected keyword argument 'gamma'
  Warning: Failed on AAMR01000081.1/12435-12061: fold_compound.MEA() got an unexpected keyword argument 'gamma'
  Warning: Failed on AANE01000023.1/29684-29331: fold_compound.MEA() got an unexpected keyword argument 'gamma'
  Warning: Failed on AAOB01000003.1/8301-7930: fold_compound.MEA() got an unexpected keyword argument 'gamma'
  Warning: Failed on AAOE01000014.1/15829-15485: fold_compound.MEA() got an unexpected keyword argument 'gamma'
  Warning: Failed on AAOH01000003.1/223452-223841: fold_compound.MEA() got an unexpected keyword argument 'gamma'
  Warning: Failed on AAOU01000016.1/100989-100601: fold_compound.MEA() got an unexpected keyword argument 'gamma'
  Warning: Failed on AAOW01000035.1/17820-17459: fold_compound.MEA() got an unexpected keyword argument 'gamma'
  Warning: Failed on AAPI01000003.1/215670-216054: fold_compound.MEA() got an unexpected keyword argument 'gamma'
  Warning: Failed on AAQH01000027.1/16807-16441: fold_compound.MEA() got an unexpected keyword argument 'gamma'
  Warning: Failed on AAQJ02000001.1/918442-918085: fold_compound.MEA() got an unexpected keyword argument 'gamma'
  Warning: Failed on AJ243001.2/347-509: fold_compound.MEA() got an unexpected keyword argument 'gamma'
  Warning: Failed on AY198211.1/1-163: fold_compound.MEA() got an unexpected keyword argument 'gamma'
  Warning: Failed on AY198213.1/1-163: fold_compound.MEA() got an unexpected keyword argument 'gamma'
  Warning: Failed on J00318.1/433-596: fold_compound.MEA() got an unexpected keyword argument 'gamma'
  Warning: Failed on J00645.1/51-213: fold_compound.MEA() got an unexpected keyword argument 'gamma'
  Warning: Failed on J00914.1/146-309: fold_compound.MEA() got an unexpected keyword argument 'gamma'
  Warning: Failed on J01156.1/9-172: fold_compound.MEA() got an unexpected keyword argument 'gamma'
  Warning: Failed on K00529.1/225-388: fold_compound.MEA() got an unexpected keyword argument 'gamma'
  Warning: Failed on K00787.1/2-165: fold_compound.MEA() got an unexpected keyword argument 'gamma'
  Warning: Failed on K00788.1/2-165: fold_compound.MEA() got an unexpected keyword argument 'gamma'
  Warning: Failed on K03128.1/241-77: fold_compound.MEA() got an unexpected keyword argument 'gamma'
  Warning: Failed on L25915.1/1-159: fold_compound.MEA() got an unexpected keyword argument 'gamma'
  Warning: Failed on AAAA02007579.1/14294-14490: fold_compound.MEA() got an unexpected keyword argument 'gamma'
  Warning: Failed on AABL01000318.1/11806-12005: fold_compound.MEA() got an unexpected keyword argument 'gamma'
  Warning: Failed on AACA01000784.1/509-337: fold_compound.MEA() got an unexpected keyword argument 'gamma'
  Warning: Failed on AACI02000565.1/65-236: fold_compound.MEA() got an unexpected keyword argument 'gamma'
  Warning: Failed on AACP01000091.1/4899-4707: fold_compound.MEA() got an unexpected keyword argument 'gamma'
  Warning: Failed on AACQ01000018.1/49571-49783: fold_compound.MEA() got an unexpected keyword argument 'gamma'
  Warning: Failed on AADA01287270.1/15999-15809: fold_compound.MEA() got an unexpected keyword argument 'gamma'
  Warning: Failed on AADG06003467.1/1334-1527: fold_compound.MEA() got an unexpected keyword argument 'gamma'
  Warning: Failed on AAAB01008933.1/1598961-1598821: fold_compound.MEA() got an unexpected keyword argument 'gamma'
  Warning: Failed on AACD01000007.1/178412-178544: fold_compound.MEA() got an unexpected keyword argument 'gamma'
  Warning: Failed on AACF01000119.1/10356-10566: fold_compound.MEA() got an unexpected keyword argument 'gamma'
  Warning: Failed on AACI02000576.1/2356-2546: fold_compound.MEA() got an unexpected keyword argument 'gamma'
  Processed 600/719...
  Warning: Failed on AACM02000196.1/54942-55125: fold_compound.MEA() got an unexpected keyword argument 'gamma'
  Warning: Failed on AACP01000036.1/91007-91135: fold_compound.MEA() got an unexpected keyword argument 'gamma'
  Warning: Failed on AACS02000001.1/566465-566333: fold_compound.MEA() got an unexpected keyword argument 'gamma'
  Warning: Failed on AACU03000146.1/753634-753781: fold_compound.MEA() got an unexpected keyword argument 'gamma'
  Warning: Failed on AACW02000210.1/206231-206366: fold_compound.MEA() got an unexpected keyword argument 'gamma'
  Warning: Failed on AACY020397167.1/942-809: fold_compound.MEA() got an unexpected keyword argument 'gamma'
  Warning: Failed on AADK01043685.1/1410-1272: fold_compound.MEA() got an unexpected keyword argument 'gamma'
  Warning: Failed on AABL01000365.1/9537-9644: fold_compound.MEA() got an unexpected keyword argument 'gamma'
  Warning: Failed on AABU01002774.1/16804311-16804417: fold_compound.MEA() got an unexpected keyword argument 'gamma'
  Warning: Failed on AABX02000022.1/362974-363076: fold_compound.MEA() got an unexpected keyword argument 'gamma'
  Warning: Failed on AACO02000104.1/123353-123240: fold_compound.MEA() got an unexpected keyword argument 'gamma'
  Warning: Failed on AACT01041609.1/35558-35664: fold_compound.MEA() got an unexpected keyword argument 'gamma'
  Warning: Failed on AACW02000046.1/25302-25425: fold_compound.MEA() got an unexpected keyword argument 'gamma'
  Warning: Failed on AADE01001799.1/12821-12927: fold_compound.MEA() got an unexpected keyword argument 'gamma'
  Warning: Failed on AADM01000279.1/397-288: fold_compound.MEA() got an unexpected keyword argument 'gamma'
  Warning: Failed on AAKK02000001.1/258130-258269: fold_compound.MEA() got an unexpected keyword argument 'gamma'
  Warning: Failed on AANE01000019.1/87182-87037: fold_compound.MEA() got an unexpected keyword argument 'gamma'
  Warning: Failed on AAOU01000004.1/94074-94215: fold_compound.MEA() got an unexpected keyword argument 'gamma'
  Warning: Failed on AAOX01000016.1/69993-70130: fold_compound.MEA() got an unexpected keyword argument 'gamma'
  Warning: Failed on AAPG01000027.1/38942-39095: fold_compound.MEA() got an unexpected keyword argument 'gamma'
  Warning: Failed on AASE01000003.1/858-707: fold_compound.MEA() got an unexpected keyword argument 'gamma'
  Warning: Failed on AAXB02000021.1/33038-32924: fold_compound.MEA() got an unexpected keyword argument 'gamma'
  Warning: Failed on ABAH01000018.1/164932-164783: fold_compound.MEA() got an unexpected keyword argument 'gamma'
  Warning: Failed on AACY020322622.1/575-479: fold_compound.MEA() got an unexpected keyword argument 'gamma'
  Warning: Failed on AAFX01122557.1/25-152: fold_compound.MEA() got an unexpected keyword argument 'gamma'
  Warning: Failed on AANA01000001.1/1389418-1389294: fold_compound.MEA() got an unexpected keyword argument 'gamma'
  Warning: Failed on AANC01000003.1/237429-237533: fold_compound.MEA() got an unexpected keyword argument 'gamma'
  Warning: Failed on AAOX01000002.1/320062-320165: fold_compound.MEA() got an unexpected keyword argument 'gamma'
  Warning: Failed on AAOX01000002.1/320243-320340: fold_compound.MEA() got an unexpected keyword argument 'gamma'
  Warning: Failed on AAOX01000002.1/340881-340984: fold_compound.MEA() got an unexpected keyword argument 'gamma'
  Warning: Failed on AARG01000011.1/103271-103357: fold_compound.MEA() got an unexpected keyword argument 'gamma'
  Warning: Failed on AARI02000249.1/265-361: fold_compound.MEA() got an unexpected keyword argument 'gamma'
  Warning: Failed on AARL02000014.1/678-559: fold_compound.MEA() got an unexpected keyword argument 'gamma'
  Warning: Failed on AARM02000086.1/6918-7038: fold_compound.MEA() got an unexpected keyword argument 'gamma'
  Warning: Failed on AASE01000018.1/36798-36683: fold_compound.MEA() got an unexpected keyword argument 'gamma'
  Warning: Failed on AACY020193176.1/1612-1511: fold_compound.MEA() got an unexpected keyword argument 'gamma'
  Warning: Failed on AAEK01000017.1/86437-86538: fold_compound.MEA() got an unexpected keyword argument 'gamma'
  Warning: Failed on AAEQ01000019.1/51159-51260: fold_compound.MEA() got an unexpected keyword argument 'gamma'
  Warning: Failed on AAMR01000003.1/106610-106709: fold_compound.MEA() got an unexpected keyword argument 'gamma'
  Warning: Failed on AANE01000012.1/49153-49054: fold_compound.MEA() got an unexpected keyword argument 'gamma'
  Warning: Failed on AAOX01000007.1/111657-111757: fold_compound.MEA() got an unexpected keyword argument 'gamma'
  Warning: Failed on AAOX01000028.1/42464-42565: fold_compound.MEA() got an unexpected keyword argument 'gamma'
  Warning: Failed on AAPS01000004.1/87369-87468: fold_compound.MEA() got an unexpected keyword argument 'gamma'
  Warning: Failed on AAXV01000001.1/277776-277678: fold_compound.MEA() got an unexpected keyword argument 'gamma'
  Warning: Failed on AAXV01000001.1/285704-285603: fold_compound.MEA() got an unexpected keyword argument 'gamma'
  Warning: Failed on AAXV01000026.1/31334-31233: fold_compound.MEA() got an unexpected keyword argument 'gamma'
  Warning: Failed on AB008757.1/115-16: fold_compound.MEA() got an unexpected keyword argument 'gamma'
  Warning: Failed on AAEK01000033.1/47712-47817: fold_compound.MEA() got an unexpected keyword argument 'gamma'
  Warning: Failed on AALV01000001.1/1015631-1015532: fold_compound.MEA() got an unexpected keyword argument 'gamma'
  Warning: Failed on AARF01000324.1/6363-6261: fold_compound.MEA() got an unexpected keyword argument 'gamma'
  Processed 650/719...
  Warning: Failed on AB087258.1/15478-15568: fold_compound.MEA() got an unexpected keyword argument 'gamma'
  Warning: Failed on AB118748.1/319-422: fold_compound.MEA() got an unexpected keyword argument 'gamma'
  Warning: Failed on AC005496.3/78625-78498: fold_compound.MEA() got an unexpected keyword argument 'gamma'
  Warning: Failed on AE004439.1/444121-444213: fold_compound.MEA() got an unexpected keyword argument 'gamma'
  Warning: Failed on AE007317.1/646024-645926: fold_compound.MEA() got an unexpected keyword argument 'gamma'
  Warning: Failed on AE008691.1/1524796-1524694: fold_compound.MEA() got an unexpected keyword argument 'gamma'
  Warning: Failed on AE008691.1/2140374-2140272: fold_compound.MEA() got an unexpected keyword argument 'gamma'
  Warning: Failed on AE014074.1/464992-464896: fold_compound.MEA() got an unexpected keyword argument 'gamma'
  Warning: Failed on AAAP01002012.1/63-264: fold_compound.MEA() got an unexpected keyword argument 'gamma'
  Warning: Failed on AAAP01003109.1/772-975: fold_compound.MEA() got an unexpected keyword argument 'gamma'
  Warning: Failed on AAAP01003520.1/1076-876: fold_compound.MEA() got an unexpected keyword argument 'gamma'
  Warning: Failed on AAEW02000019.1/41610-41804: fold_compound.MEA() got an unexpected keyword argument 'gamma'
  Warning: Failed on AAEW02000025.1/17075-16894: fold_compound.MEA() got an unexpected keyword argument 'gamma'
  Warning: Failed on AAKX01000098.1/49369-49177: fold_compound.MEA() got an unexpected keyword argument 'gamma'
  Warning: Failed on AALC02000021.1/24189-24005: fold_compound.MEA() got an unexpected keyword argument 'gamma'
  Warning: Failed on AALE02000017.1/13768-13946: fold_compound.MEA() got an unexpected keyword argument 'gamma'
  Warning: Failed on AALY01000001.1/1587847-1587654: fold_compound.MEA() got an unexpected keyword argument 'gamma'
  Warning: Failed on AALZ01000005.1/160175-160352: fold_compound.MEA() got an unexpected keyword argument 'gamma'
  Warning: Failed on AAMD01000084.1/10237-10454: fold_compound.MEA() got an unexpected keyword argument 'gamma'
  Warning: Failed on AE000516.2/79275-79185: fold_compound.MEA() got an unexpected keyword argument 'gamma'
  Warning: Failed on AE004439.1/116056-116172: fold_compound.MEA() got an unexpected keyword argument 'gamma'
  Warning: Failed on AE008691.1/1826306-1826220: fold_compound.MEA() got an unexpected keyword argument 'gamma'
  Warning: Failed on AE008922.1/1299977-1299896: fold_compound.MEA() got an unexpected keyword argument 'gamma'
  Warning: Failed on AE014292.2/713320-713218: fold_compound.MEA() got an unexpected keyword argument 'gamma'
  Warning: Failed on AE017355.1/2242861-2242742: fold_compound.MEA() got an unexpected keyword argument 'gamma'
  Warning: Failed on AE017355.1/2242962-2242862: fold_compound.MEA() got an unexpected keyword argument 'gamma'
  Warning: Failed on AJ301559.2/6784-6876: fold_compound.MEA() got an unexpected keyword argument 'gamma'
  Warning: Failed on AL591978.1/212840-212931: fold_compound.MEA() got an unexpected keyword argument 'gamma'
  Warning: Failed on AL939123.1/278145-278052: fold_compound.MEA() got an unexpected keyword argument 'gamma'
  Warning: Failed on AAAK03000021.1/12650-12476: fold_compound.MEA() got an unexpected keyword argument 'gamma'
  Warning: Failed on AAFX01011285.1/689-521: fold_compound.MEA() got an unexpected keyword argument 'gamma'
  Warning: Failed on AAJM01000138.1/1999-1823: fold_compound.MEA() got an unexpected keyword argument 'gamma'
  Warning: Failed on AAJM01000138.1/2313-2480: fold_compound.MEA() got an unexpected keyword argument 'gamma'
  Warning: Failed on AAVL02000037.1/263157-262991: fold_compound.MEA() got an unexpected keyword argument 'gamma'
  Warning: Failed on AAXV01000059.1/1758-1594: fold_compound.MEA() got an unexpected keyword argument 'gamma'
  Warning: Failed on AB089921.1/2048-2202: fold_compound.MEA() got an unexpected keyword argument 'gamma'
  Warning: Failed on AB385841.1/13217-13047: fold_compound.MEA() got an unexpected keyword argument 'gamma'
  Warning: Failed on ABDQ01000001.1/467807-467647: fold_compound.MEA() got an unexpected keyword argument 'gamma'
  Warning: Failed on ABDV01000005.1/84537-84695: fold_compound.MEA() got an unexpected keyword argument 'gamma'
  Warning: Failed on ABQP01000004.1/146576-146420: fold_compound.MEA() got an unexpected keyword argument 'gamma'
  Warning: Failed on AAKK02000085.1/12844-12662: fold_compound.MEA() got an unexpected keyword argument 'gamma'
  Warning: Failed on AAMR01000029.1/5147-5324: fold_compound.MEA() got an unexpected keyword argument 'gamma'
  Warning: Failed on AAOX01000015.1/22460-22639: fold_compound.MEA() got an unexpected keyword argument 'gamma'
  Warning: Failed on AAWP01000069.1/5541-5721: fold_compound.MEA() got an unexpected keyword argument 'gamma'
  Warning: Failed on AE004439.1/1026545-1026371: fold_compound.MEA() got an unexpected keyword argument 'gamma'
  Warning: Failed on AE016827.1/1325416-1325239: fold_compound.MEA() got an unexpected keyword argument 'gamma'
  Warning: Failed on AF269536.1/680-500: fold_compound.MEA() got an unexpected keyword argument 'gamma'
  Warning: Failed on AL009126.3/3421348-3421169: fold_compound.MEA() got an unexpected keyword argument 'gamma'
  Warning: Failed on BA000004.3/1819757-1819575: fold_compound.MEA() got an unexpected keyword argument 'gamma'
  Warning: Failed on AARQ02000011.1/391-585: fold_compound.MEA() got an unexpected keyword argument 'gamma'
  Processed 700/719...
  Warning: Failed on AB006424.1/2989-3156: fold_compound.MEA() got an unexpected keyword argument 'gamma'
  Warning: Failed on AE001437.1/179915-180075: fold_compound.MEA() got an unexpected keyword argument 'gamma'
  Warning: Failed on AE008691.1/2101605-2101448: fold_compound.MEA() got an unexpected keyword argument 'gamma'
  Warning: Failed on AE016830.1/2055460-2055313: fold_compound.MEA() got an unexpected keyword argument 'gamma'
  Warning: Failed on AF270378.1/2268-2051: fold_compound.MEA() got an unexpected keyword argument 'gamma'
  Warning: Failed on AP006716.1/888948-889158: fold_compound.MEA() got an unexpected keyword argument 'gamma'
  Warning: Failed on CP000557.1/163698-163870: fold_compound.MEA() got an unexpected keyword argument 'gamma'
  Warning: Failed on FJ935779.1/2022-2192: fold_compound.MEA() got an unexpected keyword argument 'gamma'
  Warning: Failed on AAAA02039738.1/1593-1956: fold_compound.MEA() got an unexpected keyword argument 'gamma'
  Warning: Failed on AACV01028831.1/1594-1241: fold_compound.MEA() got an unexpected keyword argument 'gamma'
  Warning: Failed on AACY020396050.1/454-188: fold_compound.MEA() got an unexpected keyword argument 'gamma'
  Warning: Failed on AACY020561232.1/2642-2986: fold_compound.MEA() got an unexpected keyword argument 'gamma'
  Warning: Failed on AACY020561358.1/221-575: fold_compound.MEA() got an unexpected keyword argument 'gamma'
  Warning: Failed on AACY020564764.1/1738-2092: fold_compound.MEA() got an unexpected keyword argument 'gamma'
  Warning: Failed on AACY023318861.1/904-508: fold_compound.MEA() got an unexpected keyword argument 'gamma'
  Warning: Failed on AADL01000160.1/2071-2429: fold_compound.MEA() got an unexpected keyword argument 'gamma'
  Warning: Failed on AAEW02000005.1/94749-94397: fold_compound.MEA() got an unexpected keyword argument 'gamma'
  Warning: Failed on AAFJ01000006.1/109216-108858: fold_compound.MEA() got an unexpected keyword argument 'gamma'
  Warning: Failed on AAFX01004374.1/206-561: fold_compound.MEA() got an unexpected keyword argument 'gamma'
  Warning: Failed on AAFX01031538.1/449-804: fold_compound.MEA() got an unexpected keyword argument 'gamma'

Computing MFE tier summaries...
Traceback (most recent call last):
  File "/workspace/scripts/run_layers_1_2_3.py", line 65, in <module>
    sys.exit(main())
             ^^^^^^
  File "/workspace/scripts/run_layers_1_2_3.py", line 52, in main
    layer3_summary = run_layer3_calibration(
                     ^^^^^^^^^^^^^^^^^^^^^^^
  File "/workspace/src/foldtrust/benchmark/layer3_calibration.py", line 548, in run_layer3_calibration
    tier_subset = mfe_tier_df[mfe_tier_df['tier'] == tier]
                              ~~~~~~~~~~~^^^^^^^^
  File "/home/ubuntu/.local/lib/python3.12/site-packages/pandas/core/frame.py", line 4378, in __getitem__
    indexer = self.columns.get_loc(key)
              ^^^^^^^^^^^^^^^^^^^^^^^^^
  File "/home/ubuntu/.local/lib/python3.12/site-packages/pandas/core/indexes/range.py", line 535, in get_loc
    raise KeyError(key)
KeyError: 'tier'
